2025-07-11 15:38:52,176 [INFO] V0: Bound ack_sock to port 6002
2025-07-11 15:38:52,176 [INFO] V1: Bound ack_sock to port 6003
2025-07-11 15:38:52,176 [INFO] VN/A: Starting simulation
2025-07-11 15:38:52,176 [INFO] V0: Starting vehicle, is_leader: True
2025-07-11 15:38:52,177 [INFO] V0: Starting run loop, is_leader: True
2025-07-11 15:38:52,177 [INFO] V1: Starting vehicle, is_leader: False
2025-07-11 15:38:52,177 [INFO] VGPS: GPS Time: 1752248334.183, Local Time: 1752248332.177, Offset: 2.006 sec
2025-07-11 15:38:52,177 [INFO] V1: Starting run loop, is_leader: False
2025-07-11 15:38:52,177 [INFO] VGPS: GPS Time: 1752248334.168, Local Time: 1752248332.178, Offset: 1.990 sec
2025-07-11 15:38:52,177 [INFO] V1: --------Follower update---------
2025-07-11 15:38:52,194 [ERROR] V1: READ ERROR: -54
2025-07-11 15:38:57,177 [INFO] V0: SENT: Seq: 0, Pos: [0, 0, 0], V: 0.000
2025-07-11 15:38:57,194 [INFO] V1: SENT: Seq: 0, Pos: [0, 0, 0], V: 0.000
2025-07-11 15:38:58,178 [WARNING] V0: ACK timeout for seq: 0, retry 1/3
2025-07-11 15:38:58,178 [INFO] V0: SENT: Seq: 0, Pos: [0, 0, 0], V: 0.000
2025-07-11 15:38:58,195 [WARNING] V1: ACK timeout for seq: 0, retry 1/3
2025-07-11 15:38:58,195 [INFO] V1: SENT: Seq: 0, Pos: [0, 0, 0], V: 0.000
2025-07-11 15:38:59,179 [WARNING] V0: ACK timeout for seq: 0, retry 2/3
2025-07-11 15:38:59,179 [INFO] V0: SENT: Seq: 0, Pos: [0, 0, 0], V: 0.000
2025-07-11 15:38:59,196 [WARNING] V1: ACK timeout for seq: 0, retry 2/3
2025-07-11 15:38:59,196 [INFO] V1: SENT: Seq: 0, Pos: [0, 0, 0], V: 0.000
2025-07-11 15:39:00,180 [WARNING] V0: ACK timeout for seq: 0, retry 3/3
2025-07-11 15:39:00,180 [ERROR] V0: Failed to receive ACK for seq: 0 after 3 retries
2025-07-11 15:39:00,180 [INFO] V0: SENT: Heartbeat
2025-07-11 15:39:00,180 [INFO] V0: RECEIVED: Seq: 0, Sender ID: 1, Pos: [0, 0, 0]
2025-07-11 15:39:00,180 [INFO] V0: SENT: ACK for seq: 0 to port 6003
2025-07-11 15:39:00,180 [INFO] V0: RECEIVED: Seq: 0, Sender ID: 1, Pos: [0, 0, 0]
2025-07-11 15:39:00,180 [INFO] V0: SENT: ACK for seq: 0 to port 6003
2025-07-11 15:39:00,280 [INFO] VGPS: GPS Time: 1752248342.283, Local Time: 1752248340.281, Offset: 2.002 sec
2025-07-11 15:39:00,294 [INFO] V0: SENT: Seq: 0, Pos: [-1.2050002813339233, -0.8299997448921204, 0.006993598770350218], V: 0.000
2025-07-11 15:39:01,295 [WARNING] V0: ACK timeout for seq: 0, retry 1/3
2025-07-11 15:39:01,295 [INFO] V0: SENT: Seq: 0, Pos: [-1.2050002813339233, -0.8299997448921204, 0.006993598770350218], V: 0.000
2025-07-11 15:39:02,296 [WARNING] V0: ACK timeout for seq: 0, retry 2/3
2025-07-11 15:39:02,296 [INFO] V0: SENT: Seq: 0, Pos: [-1.2050002813339233, -0.8299997448921204, 0.006993598770350218], V: 0.000
2025-07-11 15:39:03,297 [WARNING] V0: ACK timeout for seq: 0, retry 3/3
2025-07-11 15:39:03,297 [ERROR] V0: Failed to receive ACK for seq: 0 after 3 retries
2025-07-11 15:39:03,297 [INFO] V0: SENT: Heartbeat
2025-07-11 15:39:03,297 [INFO] V0: RECEIVED: Seq: 0, Sender ID: 1, Pos: [0, 0, 0]
2025-07-11 15:39:03,297 [INFO] V0: SENT: ACK for seq: 0 to port 6003
2025-07-11 15:39:03,411 [INFO] V0: SENT: Seq: 0, Pos: [-1.2050002813339233, -0.8299997448921204, 0.006993598770350218], V: 0.000
2025-07-11 15:39:04,412 [WARNING] V0: ACK timeout for seq: 0, retry 1/3
2025-07-11 15:39:04,412 [INFO] V0: SENT: Seq: 0, Pos: [-1.2050002813339233, -0.8299997448921204, 0.006993598770350218], V: 0.000
2025-07-11 15:39:05,413 [WARNING] V0: ACK timeout for seq: 0, retry 2/3
2025-07-11 15:39:05,413 [INFO] V0: SENT: Seq: 0, Pos: [-1.2050002813339233, -0.8299997448921204, 0.006993598770350218], V: 0.000
2025-07-11 15:39:06,414 [WARNING] V0: ACK timeout for seq: 0, retry 3/3
2025-07-11 15:39:06,414 [ERROR] V0: Failed to receive ACK for seq: 0 after 3 retries
2025-07-11 15:39:06,414 [INFO] V0: SENT: Heartbeat
2025-07-11 15:39:06,524 [INFO] VGPS: GPS Time: 1752248348.518, Local Time: 1752248346.525, Offset: 1.993 sec
2025-07-11 15:39:06,528 [INFO] V0: SENT: Seq: 0, Pos: [-1.2050002813339233, -0.8299997448921204, 0.006993598770350218], V: 0.000
2025-07-11 15:39:07,528 [WARNING] V0: ACK timeout for seq: 0, retry 1/3
2025-07-11 15:39:07,528 [INFO] V0: SENT: Seq: 0, Pos: [-1.2050002813339233, -0.8299997448921204, 0.006993598770350218], V: 0.000
2025-07-11 15:39:08,529 [WARNING] V0: ACK timeout for seq: 0, retry 2/3
2025-07-11 15:39:08,529 [INFO] V0: SENT: Seq: 0, Pos: [-1.2050002813339233, -0.8299997448921204, 0.006993598770350218], V: 0.000
2025-07-11 15:39:09,530 [WARNING] V0: ACK timeout for seq: 0, retry 3/3
2025-07-11 15:39:09,530 [ERROR] V0: Failed to receive ACK for seq: 0 after 3 retries
2025-07-11 15:39:09,530 [INFO] V0: SENT: Heartbeat
2025-07-11 15:39:09,644 [INFO] V0: SENT: Seq: 0, Pos: [-1.2050002813339233, -0.8299997448921204, 0.006993598770350218], V: 0.000
2025-07-11 15:39:10,645 [WARNING] V0: ACK timeout for seq: 0, retry 1/3
2025-07-11 15:39:10,645 [INFO] V0: SENT: Seq: 0, Pos: [-1.2050002813339233, -0.8299997448921204, 0.006993598770350218], V: 0.000
2025-07-11 15:39:11,646 [WARNING] V0: ACK timeout for seq: 0, retry 2/3
2025-07-11 15:39:11,646 [INFO] V0: SENT: Seq: 0, Pos: [-1.2050002813339233, -0.8299997448921204, 0.006993598770350218], V: 0.000
2025-07-11 15:39:12,647 [WARNING] V0: ACK timeout for seq: 0, retry 3/3
2025-07-11 15:39:12,647 [ERROR] V0: Failed to receive ACK for seq: 0 after 3 retries
2025-07-11 15:39:12,647 [INFO] V0: SENT: Heartbeat
2025-07-11 15:39:12,757 [INFO] VGPS: GPS Time: 1752248354.755, Local Time: 1752248352.758, Offset: 1.997 sec
2025-07-11 15:39:12,761 [INFO] V0: SENT: Seq: 0, Pos: [-1.2050002813339233, -0.8299997448921204, 0.006993598770350218], V: 0.000
2025-07-11 15:39:13,762 [WARNING] V0: ACK timeout for seq: 0, retry 1/3
2025-07-11 15:39:13,762 [INFO] V0: SENT: Seq: 0, Pos: [-1.2050002813339233, -0.8299997448921204, 0.006993598770350218], V: 0.000
2025-07-11 15:39:14,763 [WARNING] V0: ACK timeout for seq: 0, retry 2/3
2025-07-11 15:39:14,763 [INFO] V0: SENT: Seq: 0, Pos: [-1.2050002813339233, -0.8299997448921204, 0.006993598770350218], V: 0.000
2025-07-11 15:39:15,764 [WARNING] V0: ACK timeout for seq: 0, retry 3/3
2025-07-11 15:39:15,764 [ERROR] V0: Failed to receive ACK for seq: 0 after 3 retries
2025-07-11 15:39:15,764 [INFO] V0: SENT: Heartbeat
2025-07-11 15:39:15,878 [INFO] V0: SENT: Seq: 0, Pos: [-1.2050002813339233, -0.8299997448921204, 0.006993598770350218], V: 0.000
