2025-07-21 16:11:12,071 [INFO] V0: Bound ack_sock to port 6002
2025-07-21 16:11:12,071 [INFO] V1: Bound ack_sock to port 6003
2025-07-21 16:11:12,071 [INFO] VN/A: Starting simulation
2025-07-21 16:11:12,071 [INFO] V0: Starting vehicle, is_leader: True
2025-07-21 16:11:12,072 [INFO] V0: Starting run loop, is_leader: True
2025-07-21 16:11:12,072 [INFO] V1: Starting vehicle, is_leader: False
2025-07-21 16:11:12,072 [INFO] V1: Starting run loop, is_leader: False
2025-07-21 16:11:12,073 [INFO] V1: --------Follower update---------
2025-07-21 16:11:12,103 [INFO] V1: Leader pos: [-1.205, -0.83, 0.005]
2025-07-21 16:11:12,173 [INFO] V1: --------Follower update---------
2025-07-21 16:11:17,172 [INFO] VGPS: GPS Time: 1753114279.174, Local Time: 1753114277.173, Offset: 2.001 sec
2025-07-21 16:11:17,173 [INFO] V1: Leader pos: [-1.205, -0.83, 0.005]
2025-07-21 16:11:17,203 [INFO] VGPS: GPS Time: 1753114279.212, Local Time: 1753114277.204, Offset: 2.008 sec
2025-07-21 16:11:17,203 [INFO] V1: --------Follower update---------
2025-07-21 16:11:17,220 [INFO] V1: Leader pos: [-1.205, -0.83, 0.005]
2025-07-21 16:11:17,303 [INFO] V1: --------Follower update---------
2025-07-21 16:11:17,320 [INFO] V1: Leader pos: [-1.205, -0.83, 0.005]
2025-07-21 16:11:17,403 [INFO] V1: --------Follower update---------
2025-07-21 16:11:17,420 [INFO] V1: Leader pos: [-1.205, -0.83, 0.005]
2025-07-21 16:11:17,503 [INFO] V1: --------Follower update---------
2025-07-21 16:11:17,520 [INFO] V1: Leader pos: [-1.205, -0.83, 0.005]
2025-07-21 16:11:17,603 [INFO] V1: --------Follower update---------
2025-07-21 16:11:17,620 [INFO] V1: Leader pos: [-1.205, -0.83, 0.005]
2025-07-21 16:11:17,704 [INFO] V1: --------Follower update---------
2025-07-21 16:11:17,720 [INFO] V1: Leader pos: [-1.205, -0.83, 0.005]
2025-07-21 16:11:17,804 [INFO] V1: --------Follower update---------
2025-07-21 16:11:17,820 [INFO] V1: Leader pos: [-1.205, -0.83, 0.005]
2025-07-21 16:11:17,904 [INFO] V1: --------Follower update---------
2025-07-21 16:11:17,920 [INFO] V1: Leader pos: [-1.205, -0.83, 0.005]
2025-07-21 16:11:18,004 [INFO] V1: --------Follower update---------
2025-07-21 16:11:18,020 [INFO] V1: Leader pos: [-1.205, -0.83, 0.005]
2025-07-21 16:11:18,104 [INFO] V1: --------Follower update---------
2025-07-21 16:11:18,120 [INFO] V1: Leader pos: [-1.205, -0.83, 0.005]
2025-07-21 16:11:18,204 [INFO] V1: --------Follower update---------
2025-07-21 16:11:18,220 [INFO] V1: Leader pos: [-1.205, -0.83, 0.005]
2025-07-21 16:11:18,304 [INFO] V1: --------Follower update---------
2025-07-21 16:11:18,320 [INFO] V1: Leader pos: [-1.205, -0.83, 0.005]
2025-07-21 16:11:18,404 [INFO] V1: --------Follower update---------
2025-07-21 16:11:18,420 [INFO] V1: Leader pos: [-1.205, -0.83, 0.005]
2025-07-21 16:11:18,504 [INFO] V1: --------Follower update---------
2025-07-21 16:11:18,520 [INFO] V1: Leader pos: [-1.205, -0.83, 0.005]
2025-07-21 16:11:18,604 [INFO] V1: --------Follower update---------
2025-07-21 16:11:18,620 [INFO] V1: Leader pos: [-1.205, -0.83, 0.005]
2025-07-21 16:11:18,704 [INFO] V1: --------Follower update---------
2025-07-21 16:11:18,720 [INFO] V1: Leader pos: [-1.205, -0.83, 0.005]
2025-07-21 16:11:18,804 [INFO] V1: --------Follower update---------
2025-07-21 16:11:18,820 [INFO] V1: Leader pos: [-1.205, -0.83, 0.005]
2025-07-21 16:11:18,904 [INFO] V1: --------Follower update---------
2025-07-21 16:11:18,920 [INFO] V1: Leader pos: [-1.205, -0.83, 0.005]
2025-07-21 16:11:19,004 [INFO] V1: --------Follower update---------
2025-07-21 16:11:19,020 [INFO] V1: Leader pos: [-1.205, -0.83, 0.005]
2025-07-21 16:11:19,105 [INFO] V1: --------Follower update---------
2025-07-21 16:11:19,120 [INFO] V1: Leader pos: [-1.205, -0.83, 0.005]
2025-07-21 16:11:19,205 [INFO] V1: --------Follower update---------
2025-07-21 16:11:19,220 [INFO] V1: Leader pos: [-1.205, -0.83, 0.005]
2025-07-21 16:11:19,305 [INFO] V1: --------Follower update---------
2025-07-21 16:11:19,320 [INFO] V1: Leader pos: [-1.205, -0.83, 0.005]
2025-07-21 16:11:19,405 [INFO] V1: --------Follower update---------
2025-07-21 16:11:19,420 [INFO] V1: Leader pos: [-1.205, -0.83, 0.005]
2025-07-21 16:11:19,505 [INFO] V1: --------Follower update---------
2025-07-21 16:11:19,520 [INFO] V1: Leader pos: [-1.205, -0.83, 0.005]
2025-07-21 16:11:19,605 [INFO] V1: --------Follower update---------
2025-07-21 16:11:19,620 [INFO] V1: Leader pos: [-1.205, -0.83, 0.005]
2025-07-21 16:11:19,705 [INFO] V1: --------Follower update---------
2025-07-21 16:11:19,720 [INFO] V1: Leader pos: [-1.205, -0.83, 0.005]
2025-07-21 16:11:19,805 [INFO] V1: --------Follower update---------
2025-07-21 16:11:19,820 [INFO] V1: Leader pos: [-1.205, -0.83, 0.005]
2025-07-21 16:11:19,905 [INFO] V1: --------Follower update---------
2025-07-21 16:11:19,920 [INFO] V1: Leader pos: [-1.205, -0.83, 0.005]
2025-07-21 16:11:20,005 [INFO] V1: --------Follower update---------
2025-07-21 16:11:20,020 [INFO] V1: Leader pos: [-1.205, -0.83, 0.005]
2025-07-21 16:11:20,105 [INFO] V1: --------Follower update---------
2025-07-21 16:11:20,120 [INFO] V1: Leader pos: [-1.205, -0.83, 0.005]
2025-07-21 16:11:20,205 [INFO] V1: --------Follower update---------
2025-07-21 16:11:20,220 [INFO] V1: Leader pos: [-1.205, -0.83, 0.005]
2025-07-21 16:11:20,305 [INFO] V1: --------Follower update---------
2025-07-21 16:11:20,320 [INFO] V1: Leader pos: [-1.205, -0.83, 0.005]
2025-07-21 16:11:20,405 [INFO] V1: --------Follower update---------
2025-07-21 16:11:20,420 [INFO] V1: Leader pos: [-1.205, -0.83, 0.005]
2025-07-21 16:11:20,506 [INFO] V1: --------Follower update---------
2025-07-21 16:11:20,520 [INFO] V1: Leader pos: [-1.205, -0.83, 0.005]
2025-07-21 16:11:20,606 [INFO] V1: --------Follower update---------
2025-07-21 16:11:20,620 [INFO] V1: Leader pos: [-1.205, -0.83, 0.005]
2025-07-21 16:11:20,706 [INFO] V1: --------Follower update---------
2025-07-21 16:11:20,720 [INFO] V1: Leader pos: [-1.205, -0.83, 0.005]
2025-07-21 16:11:20,806 [INFO] V1: --------Follower update---------
2025-07-21 16:11:20,820 [INFO] V1: Leader pos: [-1.205, -0.83, 0.005]
2025-07-21 16:11:20,906 [INFO] V1: --------Follower update---------
2025-07-21 16:11:20,920 [INFO] V1: Leader pos: [-1.205, -0.83, 0.005]
2025-07-21 16:11:21,006 [INFO] V1: --------Follower update---------
2025-07-21 16:11:21,020 [INFO] V1: Leader pos: [-1.205, -0.83, 0.005]
2025-07-21 16:11:21,106 [INFO] V1: --------Follower update---------
2025-07-21 16:11:21,120 [INFO] V1: Leader pos: [-1.205, -0.83, 0.005]
2025-07-21 16:11:21,206 [INFO] V1: --------Follower update---------
2025-07-21 16:11:21,220 [INFO] V1: Leader pos: [-1.205, -0.83, 0.005]
2025-07-21 16:11:21,306 [INFO] V1: --------Follower update---------
2025-07-21 16:11:21,320 [INFO] V1: Leader pos: [-1.205, -0.83, 0.005]
2025-07-21 16:11:21,406 [INFO] V1: --------Follower update---------
2025-07-21 16:11:21,420 [INFO] V1: Leader pos: [-1.205, -0.83, 0.005]
2025-07-21 16:11:21,506 [INFO] V1: --------Follower update---------
2025-07-21 16:11:21,518 [INFO] V1: Leader pos: [-1.205, -0.83, 0.005]
2025-07-21 16:11:21,606 [INFO] V1: --------Follower update---------
2025-07-21 16:11:21,620 [INFO] V1: Leader pos: [-1.205, -0.83, 0.005]
2025-07-21 16:11:21,706 [INFO] V1: --------Follower update---------
2025-07-21 16:11:21,720 [INFO] V1: Leader pos: [-1.205, -0.83, 0.005]
2025-07-21 16:11:21,806 [INFO] V1: --------Follower update---------
2025-07-21 16:11:21,820 [INFO] V1: Leader pos: [-1.205, -0.83, 0.005]
2025-07-21 16:11:21,907 [INFO] V1: --------Follower update---------
2025-07-21 16:11:21,920 [INFO] V1: Leader pos: [-1.205, -0.83, 0.005]
2025-07-21 16:11:22,007 [INFO] V1: --------Follower update---------
2025-07-21 16:11:22,020 [INFO] V1: Leader pos: [-1.205, -0.83, 0.005]
2025-07-21 16:11:22,107 [INFO] V1: --------Follower update---------
2025-07-21 16:11:22,120 [INFO] V1: Leader pos: [-1.205, -0.83, 0.005]
2025-07-21 16:11:22,176 [INFO] VGPS: GPS Time: 1753114284.183, Local Time: 1753114282.176, Offset: 2.007 sec
2025-07-21 16:11:22,207 [INFO] VGPS: GPS Time: 1753114284.205, Local Time: 1753114282.207, Offset: 1.997 sec
2025-07-21 16:11:22,207 [INFO] V1: --------Follower update---------
2025-07-21 16:11:22,220 [INFO] V1: Leader pos: [-1.205, -0.83, 0.005]
2025-07-21 16:11:22,307 [INFO] V1: --------Follower update---------
2025-07-21 16:11:22,320 [INFO] V1: Leader pos: [-1.205, -0.83, 0.005]
2025-07-21 16:11:22,407 [INFO] V1: --------Follower update---------
2025-07-21 16:11:22,420 [INFO] V1: Leader pos: [-1.205, -0.83, 0.005]
2025-07-21 16:11:22,507 [INFO] V1: --------Follower update---------
2025-07-21 16:11:22,520 [INFO] V1: Leader pos: [-1.205, -0.83, 0.005]
2025-07-21 16:11:22,607 [INFO] V1: --------Follower update---------
2025-07-21 16:11:22,620 [INFO] V1: Leader pos: [-1.205, -0.83, 0.005]
2025-07-21 16:11:22,707 [INFO] V1: --------Follower update---------
2025-07-21 16:11:22,720 [INFO] V1: Leader pos: [-1.205, -0.83, 0.005]
2025-07-21 16:11:22,807 [INFO] V1: --------Follower update---------
